Archive member included to satisfy reference by file (symbol)

.\CortexM3\ARM_GCC_541\Debug\ultra.a(Trigger_out.o)
                              .\CortexM3\ARM_GCC_541\Debug\main.o (Trigger_out_Write)
.\CortexM3\ARM_GCC_541\Debug\ultra.a(echo.o)
                              .\CortexM3\ARM_GCC_541\Debug\main.o (echo_Read)
.\CortexM3\ARM_GCC_541\Debug\ultra.a(Timer.o)
                              .\CortexM3\ARM_GCC_541\Debug\main.o (Timer_Start)
.\CortexM3\ARM_GCC_541\Debug\ultra.a(CyLib.o)
                              .\CortexM3\ARM_GCC_541\Debug\Cm3Start.o (CyHalt)
.\CortexM3\ARM_GCC_541\Debug\ultra.a(cyPm.o)
                              .\CortexM3\ARM_GCC_541\Debug\ultra.a(CyLib.o) (CyPmReadStatus)
.\CortexM3\ARM_GCC_541\Debug\ultra.a(QuadDec.o)
                              .\CortexM3\ARM_GCC_541\Debug\main.o (QuadDec_Start)
.\CortexM3\ARM_GCC_541\Debug\ultra.a(QuadDec_Cnt8.o)
                              .\CortexM3\ARM_GCC_541\Debug\ultra.a(QuadDec.o) (QuadDec_Cnt8_Stop)
.\CortexM3\ARM_GCC_541\Debug\ultra.a(PWM.o)
                              .\CortexM3\ARM_GCC_541\Debug\main.o (PWM_Enable)
.\CortexM3\ARM_GCC_541\Debug\ultra.a(PWM_1.o)
                              .\CortexM3\ARM_GCC_541\Debug\main.o (PWM_1_Enable)
.\CortexM3\ARM_GCC_541\Debug\ultra.a(PWM_2.o)
                              .\CortexM3\ARM_GCC_541\Debug\main.o (PWM_2_Enable)
.\CortexM3\ARM_GCC_541\Debug\ultra.a(PWM_3.o)
                              .\CortexM3\ARM_GCC_541\Debug\main.o (PWM_3_Enable)
.\CortexM3\ARM_GCC_541\Debug\ultra.a(UART.o)
                              .\CortexM3\ARM_GCC_541\Debug\main.o (UART_Enable)
.\CortexM3\ARM_GCC_541\Debug\ultra.a(UART_IntClock.o)
                              .\CortexM3\ARM_GCC_541\Debug\ultra.a(UART.o) (UART_IntClock_Start)
.\CortexM3\ARM_GCC_541\Debug\ultra.a(CyBootAsmGnu.o)
                              .\CortexM3\ARM_GCC_541\Debug\cyfitter_cfg.o (CyDelayCycles)
.\CortexM3\ARM_GCC_541\Debug\ultra.a(CyFlash.o)
                              .\CortexM3\ARM_GCC_541\Debug\ultra.a(cyPm.o) (CyFlash_SetWaitCycles)
.\CortexM3\ARM_GCC_541\Debug\ultra.a(CySpc.o)
                              .\CortexM3\ARM_GCC_541\Debug\ultra.a(CyFlash.o) (CySpcStart)
c:/program files (x86)/cypress/psoc creator/4.2/psoc creator/import/gnu/arm/5.4.1/bin/../lib/gcc/arm-none-eabi/5.4.1/armv7-m\libgcc.a(_arm_addsubdf3.o)
                              .\CortexM3\ARM_GCC_541\Debug\main.o (__aeabi_i2d)
c:/program files (x86)/cypress/psoc creator/4.2/psoc creator/import/gnu/arm/5.4.1/bin/../lib/gcc/arm-none-eabi/5.4.1/armv7-m\libgcc.a(_arm_muldivdf3.o)
                              .\CortexM3\ARM_GCC_541\Debug\main.o (__aeabi_ddiv)
c:/program files (x86)/cypress/psoc creator/4.2/psoc creator/import/gnu/arm/5.4.1/bin/../lib/gcc/arm-none-eabi/5.4.1/armv7-m\libgcc.a(_arm_truncdfsf2.o)
                              .\CortexM3\ARM_GCC_541\Debug\main.o (__aeabi_d2f)
c:/program files (x86)/cypress/psoc creator/4.2/psoc creator/import/gnu/arm/5.4.1/bin/../lib/gcc/arm-none-eabi/5.4.1/armv7-m\libgcc.a(_arm_cmpsf2.o)
                              .\CortexM3\ARM_GCC_541\Debug\main.o (__aeabi_fcmple)
c:/program files (x86)/cypress/psoc creator/4.2/psoc creator/import/gnu/arm/5.4.1/bin/../lib/gcc/arm-none-eabi/5.4.1/../../../../arm-none-eabi/lib/armv7-m\libg_nano.a(lib_a-errno.o)
                              .\CortexM3\ARM_GCC_541\Debug\Cm3Start.o (__errno)
c:/program files (x86)/cypress/psoc creator/4.2/psoc creator/import/gnu/arm/5.4.1/bin/../lib/gcc/arm-none-eabi/5.4.1/../../../../arm-none-eabi/lib/armv7-m\libg_nano.a(lib_a-exit.o)
                              c:/program files (x86)/cypress/psoc creator/4.2/psoc creator/import/gnu/arm/5.4.1/bin/../lib/gcc/arm-none-eabi/5.4.1/../../../../arm-none-eabi/lib/armv7-m/crt0.o (exit)
c:/program files (x86)/cypress/psoc creator/4.2/psoc creator/import/gnu/arm/5.4.1/bin/../lib/gcc/arm-none-eabi/5.4.1/../../../../arm-none-eabi/lib/armv7-m\libg_nano.a(lib_a-impure.o)
                              c:/program files (x86)/cypress/psoc creator/4.2/psoc creator/import/gnu/arm/5.4.1/bin/../lib/gcc/arm-none-eabi/5.4.1/../../../../arm-none-eabi/lib/armv7-m\libg_nano.a(lib_a-exit.o) (_global_impure_ptr)
c:/program files (x86)/cypress/psoc creator/4.2/psoc creator/import/gnu/arm/5.4.1/bin/../lib/gcc/arm-none-eabi/5.4.1/../../../../arm-none-eabi/lib/armv7-m\libg_nano.a(lib_a-init.o)
                              c:/program files (x86)/cypress/psoc creator/4.2/psoc creator/import/gnu/arm/5.4.1/bin/../lib/gcc/arm-none-eabi/5.4.1/../../../../arm-none-eabi/lib/armv7-m/crt0.o (__libc_init_array)
c:/program files (x86)/cypress/psoc creator/4.2/psoc creator/import/gnu/arm/5.4.1/bin/../lib/gcc/arm-none-eabi/5.4.1/../../../../arm-none-eabi/lib/armv7-m\libg_nano.a(lib_a-memcpy-stub.o)
                              .\CortexM3\ARM_GCC_541\Debug\cyfitter_cfg.o (memcpy)
[...]
Memory Configuration

Name             Origin             Length             Attributes
rom              0x00000000         0x00040000         xr
ram              0x1fff8000         0x00010000         xrw
*default*        0x00000000         0xffffffff

Linker script and memory map

LOAD c:/program files (x86)/cypress/psoc creator/4.2/psoc creator/import/gnu/arm/5.4.1/bin/../lib/gcc/arm-none-eabi/5.4.1/armv7-m/crti.o
LOAD c:/program files (x86)/cypress/psoc creator/4.2/psoc creator/import/gnu/arm/5.4.1/bin/../lib/gcc/arm-none-eabi/5.4.1/armv7-m/crtbegin.o
LOAD c:/program files (x86)/cypress/psoc creator/4.2/psoc creator/import/gnu/arm/5.4.1/bin/../lib/gcc/arm-none-eabi/5.4.1/../../../../arm-none-eabi/lib/armv7-m/crt0.o
START GROUP
LOAD .\CortexM3\ARM_GCC_541\Debug\main.o
LOAD .\CortexM3\ARM_GCC_541\Debug\cyfitter_cfg.o
LOAD .\CortexM3\ARM_GCC_541\Debug\cymetadata.o
LOAD .\CortexM3\ARM_GCC_541\Debug\Cm3Start.o
LOAD .\CortexM3\ARM_GCC_541\Debug\ultra.a
LOAD C:\Program Files (x86)\Cypress\PSoC Creator\4.2\PSoC Creator\psoc\content\cycomponentlibrary\CyComponentLibrary.cylib\CortexM3\ARM_GCC_541\Debug\CyComponentLibrary.a
END GROUP
START GROUP
LOAD c:/program files (x86)/cypress/psoc creator/4.2/psoc creator/import/gnu/arm/5.4.1/bin/../lib/gcc/arm-none-eabi/5.4.1/armv7-m\libgcc.a
LOAD c:/program files (x86)/cypress/psoc creator/4.2/psoc creator/import/gnu/arm/5.4.1/bin/../lib/gcc/arm-none-eabi/5.4.1/../../../../arm-none-eabi/lib/armv7-m\libg_nano.a
LOAD c:/program files (x86)/cypress/psoc creator/4.2/psoc creator/import/gnu/arm/5.4.1/bin/../lib/gcc/arm-none-eabi/5.4.1/../../../../arm-none-eabi/lib/armv7-m\libc_nano.a
END GROUP
START GROUP
LOAD c:/program files (x86)/cypress/psoc creator/4.2/psoc creator/import/gnu/arm/5.4.1/bin/../lib/gcc/arm-none-eabi/5.4.1/armv7-m\libgcc.a
LOAD c:/program files (x86)/cypress/psoc creator/4.2/psoc creator/import/gnu/arm/5.4.1/bin/../lib/gcc/arm-none-eabi/5.4.1/../../../../arm-none-eabi/lib/armv7-m\libc_nano.a
END GROUP
LOAD c:/program files (x86)/cypress/psoc creator/4.2/psoc creator/import/gnu/arm/5.4.1/bin/../lib/gcc/arm-none-eabi/5.4.1/armv7-m/crtend.o
LOAD c:/program files (x86)/cypress/psoc creator/4.2/psoc creator/import/gnu/arm/5.4.1/bin/../lib/gcc/arm-none-eabi/5.4.1/armv7-m/crtn.o
START GROUP
LOAD c:/program files (x86)/cypress/psoc creator/4.2/psoc creator/import/gnu/arm/5.4.1/bin/../lib/gcc/arm-none-eabi/5.4.1/armv7-m\libgcc.a
LOAD c:/program files (x86)/cypress/psoc creator/4.2/psoc creator/import/gnu/arm/5.4.1/bin/../lib/gcc/arm-none-eabi/5.4.1/../../../../arm-none-eabi/lib/armv7-m\libc.a
LOAD c:/program files (x86)/cypress/psoc creator/4.2/psoc creator/import/gnu/arm/5.4.1/bin/../lib/gcc/arm-none-eabi/5.4.1/../../../../arm-none-eabi/lib/armv7-m\libnosys.a
END GROUP
                0x00000000                CY_APPL_ORIGIN = 0x0
                0x00000100                CY_FLASH_ROW_SIZE = 0x100
                0x00000020                CY_ECC_ROW_SIZE = 0x20
                0x00000000                CY_EE_IN_BTLDR = 0x0
                0x00000000                CY_APPL_LOADABLE = 0x0
                0x00000800                CY_EE_SIZE = 0x800
                0x00000001                CY_APPL_NUM = 0x1
                0x00000001                CY_APPL_MAX = 0x1
                0x00000040                CY_METADATA_SIZE = 0x40
                0x00000000                CY_APPL_LOADABLE = 0x0
                0x00000000                CY_CHECKSUM_EXCLUDE_SIZE = ALIGN (0x0, CY_FLASH_ROW_SIZE)
                [!provide]                PROVIDE (__cy_heap_start, _end)
                0x00000001                PROVIDE (__cy_region_num, ((__cy_regions_end - __cy_regions) / 0x10))
                0x20008000                PROVIDE (__cy_stack, (ORIGIN (ram) + LENGTH (ram)))
                [!provide]                PROVIDE (__cy_heap_end, (__cy_stack - 0x800))

.cybootloader   0x00000000        0x0
 *(.cybootloader)
                0x00000000                appl1_start = CY_APPL_ORIGIN?CY_APPL_ORIGIN:ALIGN (CY_FLASH_ROW_SIZE)
                0x0001ff00                appl2_start = (appl1_start + ALIGN ((((LENGTH (rom) - appl1_start) - (0x2 * CY_FLASH_ROW_SIZE)) / 0x2), CY_FLASH_ROW_SIZE))
                0x00000000                appl_start = (CY_APPL_NUM == 0x1)?appl1_start:appl2_start
                0x00000000                ecc_offset = ((appl_start / CY_FLASH_ROW_SIZE) * CY_ECC_ROW_SIZE)
                0x00000000                ee_offset = (CY_APPL_LOADABLE && ! (CY_EE_IN_BTLDR))?((CY_EE_SIZE / CY_APPL_MAX) * (CY_APPL_NUM - 0x1)):0x0
                0x00000800                ee_size = (CY_APPL_LOADABLE && ! (CY_EE_IN_BTLDR))?(CY_EE_SIZE / CY_APPL_MAX):CY_EE_SIZE
                [!provide]                PROVIDE (CY_ECC_OFFSET, ecc_offset)

.text           0x00000000     0x183e
 CREATE_OBJECT_SYMBOLS
                0x00000000                PROVIDE (__cy_interrupt_vector, RomVectors)
 *(.romvectors)
 .romvectors    0x00000000       0x10 .\CortexM3\ARM_GCC_541\Debug\Cm3Start.o
                0x00000000                RomVectors
                0x00000001                ASSERT ((. != __cy_interrupt_vector), No interrupt vector)
                0x00000001                ASSERT (CY_APPL_ORIGIN?(SIZEOF (.cybootloader) <= CY_APPL_ORIGIN):0x1, Wrong image location)
                0x00000010                PROVIDE (__cy_reset, Reset)
 *(.text.Reset)
 .text.Reset    0x00000010       0x18 .\CortexM3\ARM_GCC_541\Debug\Cm3Start.o
                0x00000010                Reset
                0x00000001                ASSERT ((. != __cy_reset), No reset code)
 *(.dma_init)
                0x00000001                ASSERT ((((appl_start + .) <= 0x10000) || 0x1), DMA Init must be within the first 64k of flash)
 *(.text .text.* .gnu.linkonce.t.*)
 .text          0x00000028       0x5c c:/program files (x86)/cypress/psoc creator/4.2/psoc creator/import/gnu/arm/5.4.1/bin/../lib/gcc/arm-none-eabi/5.4.1/armv7-m/crtbegin.o
 .text.goRobot  0x00000084       0x34 .\CortexM3\ARM_GCC_541\Debug\main.o
                0x00000084                goRobot
 .text.backRobot
                0x000000b8       0x34 .\CortexM3\ARM_GCC_541\Debug\main.o
                0x000000b8                backRobot
 .text.robotLeft
                0x000000ec       0x34 .\CortexM3\ARM_GCC_541\Debug\main.o
                0x000000ec                robotLeft
 .text.robotRight
                0x00000120       0x34 .\CortexM3\ARM_GCC_541\Debug\main.o
                0x00000120                robotRight
 .text.spinLeft
                0x00000154       0x34 .\CortexM3\ARM_GCC_541\Debug\main.o
                0x00000154                spinLeft
 .text.spinRight
                0x00000188       0x34 .\CortexM3\ARM_GCC_541\Debug\main.o
                0x00000188                spinRight
 .text.Turn     0x000001bc       0x34 .\CortexM3\ARM_GCC_541\Debug\main.o
                0x000001bc                Turn
 .text.Stop     0x000001f0       0x34 .\CortexM3\ARM_GCC_541\Debug\main.o
                0x000001f0                Stop
 .text.main     0x00000224      0x1ac .\CortexM3\ARM_GCC_541\Debug\main.o
                0x00000224                main
 .text.CyClockStartupError
                0x000003d0        0x4 .\CortexM3\ARM_GCC_541\Debug\cyfitter_cfg.o
 .text.cfg_write_bytes32
                0x000003d4       0x34 .\CortexM3\ARM_GCC_541\Debug\cyfitter_cfg.o
 .text.AnalogSetDefault
                0x00000408       0x28 .\CortexM3\ARM_GCC_541\Debug\cyfitter_cfg.o
 .text.CYMEMZERO
                0x00000430        0xc .\CortexM3\ARM_GCC_541\Debug\cyfitter_cfg.o
 .text.ClockSetup
                0x0000043c       0xfc .\CortexM3\ARM_GCC_541\Debug\cyfitter_cfg.o
 .text.CYCONFIGCPY
                0x00000538        0x8 .\CortexM3\ARM_GCC_541\Debug\cyfitter_cfg.o
 .text.cyfitter_cfg
                0x00000540      0x140 .\CortexM3\ARM_GCC_541\Debug\cyfitter_cfg.o
                0x00000540                cyfitter_cfg
 .text.IntDefaultHandler
                0x00000680       0x10 .\CortexM3\ARM_GCC_541\Debug\Cm3Start.o
                0x00000680                IntDefaultHandler
 .text.Start_c  0x00000690       0x4c .\CortexM3\ARM_GCC_541\Debug\Cm3Start.o
                0x00000690                Start_c
 .text.initialize_psoc
                0x000006dc       0x68 .\CortexM3\ARM_GCC_541\Debug\Cm3Start.o
                0x000006dc                initialize_psoc
 .text.Trigger_out_Write
                0x00000744        0xc .\CortexM3\ARM_GCC_541\Debug\ultra.a(Trigger_out.o)
                0x00000744                Trigger_out_Write
 .text.echo_Read
                0x00000750        0xc .\CortexM3\ARM_GCC_541\Debug\ultra.a(echo.o)
                0x00000750                echo_Read
 .text.Timer_Enable
                0x0000075c       0x28 .\CortexM3\ARM_GCC_541\Debug\ultra.a(Timer.o)
                0x0000075c                Timer_Enable
 .text.Timer_SetInterruptMode
                0x00000784        0xc .\CortexM3\ARM_GCC_541\Debug\ultra.a(Timer.o)
                0x00000784                Timer_SetInterruptMode
 .text.Timer_WritePeriod
                0x00000790        0xc .\CortexM3\ARM_GCC_541\Debug\ultra.a(Timer.o)
                0x00000790                Timer_WritePeriod
 .text.Timer_WriteCounter
                0x0000079c        0xc .\CortexM3\ARM_GCC_541\Debug\ultra.a(Timer.o)
                0x0000079c                Timer_WriteCounter
 .text.Timer_Init
                0x000007a8       0x8c .\CortexM3\ARM_GCC_541\Debug\ultra.a(Timer.o)
                0x000007a8                Timer_Init
 .text.Timer_Start
                0x00000834       0x1c .\CortexM3\ARM_GCC_541\Debug\ultra.a(Timer.o)
                0x00000834                Timer_Start
 .text.Timer_ReadCounter
                0x00000850       0x14 .\CortexM3\ARM_GCC_541\Debug\ultra.a(Timer.o)
                0x00000850                Timer_ReadCounter
 .text.CyDelay  0x00000864       0x2c .\CortexM3\ARM_GCC_541\Debug\ultra.a(CyLib.o)
                0x00000864                CyDelay
 .text.QuadDec_GetEvents
                0x00000890       0x10 .\CortexM3\ARM_GCC_541\Debug\ultra.a(QuadDec.o)
                0x00000890                QuadDec_GetEvents
 .text.QuadDec_SetInterruptMask
                0x000008a0        0xc .\CortexM3\ARM_GCC_541\Debug\ultra.a(QuadDec.o)
                0x000008a0                QuadDec_SetInterruptMask
 .text.QuadDec_Enable
                0x000008ac       0x24 .\CortexM3\ARM_GCC_541\Debug\ultra.a(QuadDec.o)
                0x000008ac                QuadDec_Enable
 .text.QuadDec_Start
                0x000008d0       0x24 .\CortexM3\ARM_GCC_541\Debug\ultra.a(QuadDec.o)
                0x000008d0                QuadDec_Start
 .text.QuadDec_Cnt8_Enable
                0x000008f4       0x10 .\CortexM3\ARM_GCC_541\Debug\ultra.a(QuadDec_Cnt8.o)
                0x000008f4                QuadDec_Cnt8_Enable
 .text.QuadDec_Cnt8_SetInterruptMode
                0x00000904        0xc .\CortexM3\ARM_GCC_541\Debug\ultra.a(QuadDec_Cnt8.o)
                0x00000904                QuadDec_Cnt8_SetInterruptMode
 .text.QuadDec_Cnt8_ReadStatusRegister
                0x00000910        0xc .\CortexM3\ARM_GCC_541\Debug\ultra.a(QuadDec_Cnt8.o)
                0x00000910                QuadDec_Cnt8_ReadStatusRegister
 .text.QuadDec_Cnt8_WriteCounter
                0x0000091c        0xc .\CortexM3\ARM_GCC_541\Debug\ultra.a(QuadDec_Cnt8.o)
                0x0000091c                QuadDec_Cnt8_WriteCounter
 .text.QuadDec_Cnt8_ReadCapture
                0x00000928        0xc .\CortexM3\ARM_GCC_541\Debug\ultra.a(QuadDec_Cnt8.o)
                0x00000928                QuadDec_Cnt8_ReadCapture
 .text.QuadDec_Cnt8_WritePeriod
                0x00000934        0xc .\CortexM3\ARM_GCC_541\Debug\ultra.a(QuadDec_Cnt8.o)
                0x00000934                QuadDec_Cnt8_WritePeriod
 .text.QuadDec_Cnt8_WriteCompare
                0x00000940        0xc .\CortexM3\ARM_GCC_541\Debug\ultra.a(QuadDec_Cnt8.o)
                0x00000940                QuadDec_Cnt8_WriteCompare
 .text.QuadDec_Cnt8_ClearFIFO
                0x0000094c       0x14 .\CortexM3\ARM_GCC_541\Debug\ultra.a(QuadDec_Cnt8.o)
                0x0000094c                QuadDec_Cnt8_ClearFIFO
 .text.QuadDec_Cnt8_Init
                0x00000960       0x50 .\CortexM3\ARM_GCC_541\Debug\ultra.a(QuadDec_Cnt8.o)
                0x00000960                QuadDec_Cnt8_Init
 .text.QuadDec_Cnt8_Start
                0x000009b0       0x1c .\CortexM3\ARM_GCC_541\Debug\ultra.a(QuadDec_Cnt8.o)
                0x000009b0                QuadDec_Cnt8_Start
 .text.PWM_Enable
                0x000009cc       0x10 .\CortexM3\ARM_GCC_541\Debug\ultra.a(PWM.o)
                0x000009cc                PWM_Enable
 .text.PWM_WriteCounter
                0x000009dc        0xc .\CortexM3\ARM_GCC_541\Debug\ultra.a(PWM.o)
                0x000009dc                PWM_WriteCounter
 .text.PWM_WritePeriod
                0x000009e8        0xc .\CortexM3\ARM_GCC_541\Debug\ultra.a(PWM.o)
                0x000009e8                PWM_WritePeriod
 .text.PWM_WriteCompare1
                0x000009f4        0xc .\CortexM3\ARM_GCC_541\Debug\ultra.a(PWM.o)
                0x000009f4                PWM_WriteCompare1
 .text.PWM_WriteCompare2
                0x00000a00        0xc .\CortexM3\ARM_GCC_541\Debug\ultra.a(PWM.o)
                0x00000a00                PWM_WriteCompare2
 .text.PWM_SetInterruptMode
                0x00000a0c        0xc .\CortexM3\ARM_GCC_541\Debug\ultra.a(PWM.o)
                0x00000a0c                PWM_SetInterruptMode
 .text.PWM_ReadStatusRegister
                0x00000a18        0xc .\CortexM3\ARM_GCC_541\Debug\ultra.a(PWM.o)
                0x00000a18                PWM_ReadStatusRegister
 .text.PWM_ReadCapture
                0x00000a24        0xc .\CortexM3\ARM_GCC_541\Debug\ultra.a(PWM.o)
                0x00000a24                PWM_ReadCapture
 .text.PWM_ClearFIFO
                0x00000a30       0x14 .\CortexM3\ARM_GCC_541\Debug\ultra.a(PWM.o)
                0x00000a30                PWM_ClearFIFO
 .text.PWM_Init
                0x00000a44       0x58 .\CortexM3\ARM_GCC_541\Debug\ultra.a(PWM.o)
                0x00000a44                PWM_Init
 .text.PWM_Start
                0x00000a9c       0x1c .\CortexM3\ARM_GCC_541\Debug\ultra.a(PWM.o)
                0x00000a9c                PWM_Start
 .text.PWM_1_Enable
                0x00000ab8       0x10 .\CortexM3\ARM_GCC_541\Debug\ultra.a(PWM_1.o)
                0x00000ab8                PWM_1_Enable
 .text.PWM_1_WriteCounter
                0x00000ac8        0xc .\CortexM3\ARM_GCC_541\Debug\ultra.a(PWM_1.o)
                0x00000ac8                PWM_1_WriteCounter
 .text.PWM_1_WritePeriod
                0x00000ad4        0xc .\CortexM3\ARM_GCC_541\Debug\ultra.a(PWM_1.o)
                0x00000ad4                PWM_1_WritePeriod
 .text.PWM_1_WriteCompare1
                0x00000ae0        0xc .\CortexM3\ARM_GCC_541\Debug\ultra.a(PWM_1.o)
                0x00000ae0                PWM_1_WriteCompare1
 .text.PWM_1_WriteCompare2
                0x00000aec        0xc .\CortexM3\ARM_GCC_541\Debug\ultra.a(PWM_1.o)
                0x00000aec                PWM_1_WriteCompare2
 .text.PWM_1_SetInterruptMode
                0x00000af8        0xc .\CortexM3\ARM_GCC_541\Debug\ultra.a(PWM_1.o)
                0x00000af8                PWM_1_SetInterruptMode
 .text.PWM_1_ReadStatusRegister
                0x00000b04        0xc .\CortexM3\ARM_GCC_541\Debug\ultra.a(PWM_1.o)
                0x00000b04                PWM_1_ReadStatusRegister
 .text.PWM_1_ReadCapture
                0x00000b10        0xc .\CortexM3\ARM_GCC_541\Debug\ultra.a(PWM_1.o)
                0x00000b10                PWM_1_ReadCapture
 .text.PWM_1_ClearFIFO
                0x00000b1c       0x14 .\CortexM3\ARM_GCC_541\Debug\ultra.a(PWM_1.o)
                0x00000b1c                PWM_1_ClearFIFO
 .text.PWM_1_Init
                0x00000b30       0x58 .\CortexM3\ARM_GCC_541\Debug\ultra.a(PWM_1.o)
                0x00000b30                PWM_1_Init
 .text.PWM_1_Start
                0x00000b88       0x1c .\CortexM3\ARM_GCC_541\Debug\ultra.a(PWM_1.o)
                0x00000b88                PWM_1_Start
 .text.PWM_2_Enable
                0x00000ba4       0x10 .\CortexM3\ARM_GCC_541\Debug\ultra.a(PWM_2.o)
                0x00000ba4                PWM_2_Enable
 .text.PWM_2_WriteCounter
                0x00000bb4        0xc .\CortexM3\ARM_GCC_541\Debug\ultra.a(PWM_2.o)
                0x00000bb4                PWM_2_WriteCounter
 .text.PWM_2_WritePeriod
                0x00000bc0        0xc .\CortexM3\ARM_GCC_541\Debug\ultra.a(PWM_2.o)
                0x00000bc0                PWM_2_WritePeriod
 .text.PWM_2_WriteCompare1
                0x00000bcc        0xc .\CortexM3\ARM_GCC_541\Debug\ultra.a(PWM_2.o)
                0x00000bcc                PWM_2_WriteCompare1
 .text.PWM_2_WriteCompare2
                0x00000bd8        0xc .\CortexM3\ARM_GCC_541\Debug\ultra.a(PWM_2.o)
                0x00000bd8                PWM_2_WriteCompare2
 .text.PWM_2_SetInterruptMode
                0x00000be4        0xc .\CortexM3\ARM_GCC_541\Debug\ultra.a(PWM_2.o)
                0x00000be4                PWM_2_SetInterruptMode
 .text.PWM_2_ReadStatusRegister
                0x00000bf0        0xc .\CortexM3\ARM_GCC_541\Debug\ultra.a(PWM_2.o)
                0x00000bf0                PWM_2_ReadStatusRegister
 .text.PWM_2_ReadCapture
                0x00000bfc        0xc .\CortexM3\ARM_GCC_541\Debug\ultra.a(PWM_2.o)
                0x00000bfc                PWM_2_ReadCapture
 .text.PWM_2_ClearFIFO
                0x00000c08       0x14 .\CortexM3\ARM_GCC_541\Debug\ultra.a(PWM_2.o)
                0x00000c08                PWM_2_ClearFIFO
 .text.PWM_2_Init
                0x00000c1c       0x58 .\CortexM3\ARM_GCC_541\Debug\ultra.a(PWM_2.o)
                0x00000c1c                PWM_2_Init
 .text.PWM_2_Start
                0x00000c74       0x1c .\CortexM3\ARM_GCC_541\Debug\ultra.a(PWM_2.o)
                0x00000c74                PWM_2_Start
 .text.PWM_3_Enable
                0x00000c90       0x10 .\CortexM3\ARM_GCC_541\Debug\ultra.a(PWM_3.o)
                0x00000c90                PWM_3_Enable
 .text.PWM_3_WriteCounter
                0x00000ca0        0xc .\CortexM3\ARM_GCC_541\Debug\ultra.a(PWM_3.o)
                0x00000ca0                PWM_3_WriteCounter
 .text.PWM_3_WritePeriod
                0x00000cac        0xc .\CortexM3\ARM_GCC_541\Debug\ultra.a(PWM_3.o)
                0x00000cac                PWM_3_WritePeriod
 .text.PWM_3_WriteCompare1
                0x00000cb8        0xc .\CortexM3\ARM_GCC_541\Debug\ultra.a(PWM_3.o)
                0x00000cb8                PWM_3_WriteCompare1
 .text.PWM_3_WriteCompare2
                0x00000cc4        0xc .\CortexM3\ARM_GCC_541\Debug\ultra.a(PWM_3.o)
                0x00000cc4                PWM_3_WriteCompare2
 .text.PWM_3_SetInterruptMode
                0x00000cd0        0xc .\CortexM3\ARM_GCC_541\Debug\ultra.a(PWM_3.o)
                0x00000cd0                PWM_3_SetInterruptMode
 .text.PWM_3_ReadStatusRegister
                0x00000cdc        0xc .\CortexM3\ARM_GCC_541\Debug\ultra.a(PWM_3.o)
                0x00000cdc                PWM_3_ReadStatusRegister
 .text.PWM_3_ReadCapture
                0x00000ce8        0xc .\CortexM3\ARM_GCC_541\Debug\ultra.a(PWM_3.o)
                0x00000ce8                PWM_3_ReadCapture
 .text.PWM_3_ClearFIFO
                0x00000cf4       0x14 .\CortexM3\ARM_GCC_541\Debug\ultra.a(PWM_3.o)
                0x00000cf4                PWM_3_ClearFIFO
 .text.PWM_3_Init
                0x00000d08       0x58 .\CortexM3\ARM_GCC_541\Debug\ultra.a(PWM_3.o)
                0x00000d08                PWM_3_Init
 .text.PWM_3_Start
                0x00000d60       0x1c .\CortexM3\ARM_GCC_541\Debug\ultra.a(PWM_3.o)
                0x00000d60                PWM_3_Start
 .text.UART_Init
                0x00000d7c       0x28 .\CortexM3\ARM_GCC_541\Debug\ultra.a(UART.o)
                0x00000d7c                UART_Init
 .text.UART_Enable
                0x00000da4       0x38 .\CortexM3\ARM_GCC_541\Debug\ultra.a(UART.o)
                0x00000da4                UART_Enable
 .text.UART_Start
                0x00000ddc       0x1c .\CortexM3\ARM_GCC_541\Debug\ultra.a(UART.o)
                0x00000ddc                UART_Start
 .text.UART_GetChar
                0x00000df8       0x2c .\CortexM3\ARM_GCC_541\Debug\ultra.a(UART.o)
                0x00000df8                UART_GetChar
 .text.UART_PutChar
                0x00000e24       0x18 .\CortexM3\ARM_GCC_541\Debug\ultra.a(UART.o)
                0x00000e24                UART_PutChar
 .text.UART_PutString
                0x00000e3c       0x24 .\CortexM3\ARM_GCC_541\Debug\ultra.a(UART.o)
                0x00000e3c                UART_PutString
 .text.UART_IntClock_Start
                0x00000e60       0x1c .\CortexM3\ARM_GCC_541\Debug\ultra.a(UART_IntClock.o)
                0x00000e60                UART_IntClock_Start
 *fill*         0x00000e7c        0x4 
 .text          0x00000e80       0x20 .\CortexM3\ARM_GCC_541\Debug\ultra.a(CyBootAsmGnu.o)
                0x00000e80                CyDelayCycles
                0x00000e90                CyEnterCriticalSection
                0x00000e98                CyExitCriticalSection
 .text          0x00000ea0      0x370 c:/program files (x86)/cypress/psoc creator/4.2/psoc creator/import/gnu/arm/5.4.1/bin/../lib/gcc/arm-none-eabi/5.4.1/armv7-m\libgcc.a(_arm_addsubdf3.o)
                0x00000ea0                __aeabi_drsub
                0x00000ea8                __aeabi_dsub
                0x00000ea8                __subdf3
                0x00000eac                __aeabi_dadd
                0x00000eac                __adddf3
                0x00001124                __floatunsidf
                0x00001124                __aeabi_ui2d
                0x00001144                __floatsidf
                0x00001144                __aeabi_i2d
                0x00001168                __aeabi_f2d
                0x00001168                __extendsfdf2
                0x000011a4                __floatundidf
                0x000011a4                __aeabi_ul2d
                0x000011b4                __floatdidf
                0x000011b4                __aeabi_l2d
 .text          0x00001210      0x424 c:/program files (x86)/cypress/psoc creator/4.2/psoc creator/import/gnu/arm/5.4.1/bin/../lib/gcc/arm-none-eabi/5.4.1/armv7-m\libgcc.a(_arm_muldivdf3.o)
                0x00001210                __aeabi_dmul
                0x00001210                __muldf3
                0x00001464                __divdf3
                0x00001464                __aeabi_ddiv
 .text          0x00001634       0xa0 c:/program files (x86)/cypress/psoc creator/4.2/psoc creator/import/gnu/arm/5.4.1/bin/../lib/gcc/arm-none-eabi/5.4.1/armv7-m\libgcc.a(_arm_truncdfsf2.o)
                0x00001634                __truncdfsf2
                0x00001634                __aeabi_d2f
 .text          0x000016d4       0xec c:/program files (x86)/cypress/psoc creator/4.2/psoc creator/import/gnu/arm/5.4.1/bin/../lib/gcc/arm-none-eabi/5.4.1/armv7-m\libgcc.a(_arm_cmpsf2.o)
                0x000016d4                __gesf2
                0x000016d4                __gtsf2
                0x000016dc                __lesf2
                0x000016dc                __ltsf2
                0x000016e4                __nesf2
                0x000016e4                __eqsf2
                0x000016e4                __cmpsf2
                0x00001744                __aeabi_cfrcmple
                0x0000174c                __aeabi_cfcmpeq
                0x0000174c                __aeabi_cfcmple
                0x0000175c                __aeabi_fcmpeq
                0x00001770                __aeabi_fcmplt
                0x00001784                __aeabi_fcmple
                0x00001798                __aeabi_fcmpge
                0x000017ac                __aeabi_fcmpgt
 .text.__errno  0x000017c0        0xc c:/program files (x86)/cypress/psoc creator/4.2/psoc creator/import/gnu/arm/5.4.1/bin/../lib/gcc/arm-none-eabi/5.4.1/../../../../arm-none-eabi/lib/armv7-m\libg_nano.a(lib_a-errno.o)
                0x000017c0                __errno
 .text.__libc_init_array
                0x000017cc       0x4c c:/program files (x86)/cypress/psoc creator/4.2/psoc creator/import/gnu/arm/5.4.1/bin/../lib/gcc/arm-none-eabi/5.4.1/../../../../arm-none-eabi/lib/armv7-m\libg_nano.a(lib_a-init.o)
                0x000017cc                __libc_init_array
 .text.memcpy   0x00001818       0x16 c:/program files (x86)/cypress/psoc creator/4.2/psoc creator/import/gnu/arm/5.4.1/bin/../lib/gcc/arm-none-eabi/5.4.1/../../../../arm-none-eabi/lib/armv7-m\libg_nano.a(lib_a-memcpy-stub.o)
                0x00001818                memcpy
 .text.memset   0x0000182e       0x10 c:/program files (x86)/cypress/psoc creator/4.2/psoc creator/import/gnu/arm/5.4.1/bin/../lib/gcc/arm-none-eabi/5.4.1/../../../../arm-none-eabi/lib/armv7-m\libg_nano.a(lib_a-memset.o)
                0x0000182e                memset
 *(.plt)
 *(.gnu.warning)
 *(.glue_7t)
 .glue_7t       0x0000183e        0x0 linker stubs
 *(.glue_7)
 .glue_7        0x0000183e        0x0 linker stubs
 *(.vfp11_veneer)
 .vfp11_veneer  0x0000183e        0x0 linker stubs
 *(.bootloader)
 *(.ARM.extab* .gnu.linkonce.armextab.*)
 *(.gcc_except_table)

.v4_bx          0x00001840        0x0
 .v4_bx         0x00001840        0x0 linker stubs

.iplt           0x00001840        0x0
 .iplt          0x00001840        0x0 c:/program files (x86)/cypress/psoc creator/4.2/psoc creator/import/gnu/arm/5.4.1/bin/../lib/gcc/arm-none-eabi/5.4.1/armv7-m/crtbegin.o

.eh_frame_hdr
 *(.eh_frame_hdr)

.eh_frame       0x00001840        0x4
 *(.eh_frame)
 .eh_frame      0x00001840        0x0 c:/program files (x86)/cypress/psoc creator/4.2/psoc creator/import/gnu/arm/5.4.1/bin/../lib/gcc/arm-none-eabi/5.4.1/armv7-m/crtbegin.o
 .eh_frame      0x00001840        0x4 c:/program files (x86)/cypress/psoc creator/4.2/psoc creator/import/gnu/arm/5.4.1/bin/../lib/gcc/arm-none-eabi/5.4.1/armv7-m/crtend.o
                [!provide]                PROVIDE (__exidx_start, .)

.ARM.exidx
 *(.ARM.exidx* .gnu.linkonce.armexidx.*)
                0x00001844                __exidx_end = .

.rodata         0x00001844       0x74
 *(.rodata .rodata.* .gnu.linkonce.r.*)
 .rodata        0x00001844       0x3a .\CortexM3\ARM_GCC_541\Debug\cyfitter_cfg.o
 .rodata.str1.1
                0x0000187e        0x2 c:/program files (x86)/cypress/psoc creator/4.2/psoc creator/import/gnu/arm/5.4.1/bin/../lib/gcc/arm-none-eabi/5.4.1/../../../../arm-none-eabi/lib/armv7-m\libg_nano.a(lib_a-impure.o)
                0x00001880                . = ALIGN (0x4)
 *(.init)
 .init          0x00001880        0x4 c:/program files (x86)/cypress/psoc creator/4.2/psoc creator/import/gnu/arm/5.4.1/bin/../lib/gcc/arm-none-eabi/5.4.1/armv7-m/crti.o
                0x00001880                _init
 .init          0x00001884        0x8 c:/program files (x86)/cypress/psoc creator/4.2/psoc creator/import/gnu/arm/5.4.1/bin/../lib/gcc/arm-none-eabi/5.4.1/armv7-m/crtn.o
                0x0000188c                . = ALIGN (0x4)
                0x0000188c                __preinit_array_start = .
 *(.preinit_array)
                0x0000188c                __preinit_array_end = .
                0x0000188c                . = ALIGN (0x4)
                0x0000188c                __init_array_start = .
 *(SORT(.init_array.*))
 *(.init_array)
 .init_array    0x0000188c        0x4 c:/program files (x86)/cypress/psoc creator/4.2/psoc creator/import/gnu/arm/5.4.1/bin/../lib/gcc/arm-none-eabi/5.4.1/armv7-m/crtbegin.o
 .init_array    0x00001890        0x4 .\CortexM3\ARM_GCC_541\Debug\Cm3Start.o
                0x00001894                __init_array_end = .
                0x00001894                . = ALIGN (0x4)
 *(.fini)
 .fini          0x00001894        0x4 c:/program files (x86)/cypress/psoc creator/4.2/psoc creator/import/gnu/arm/5.4.1/bin/../lib/gcc/arm-none-eabi/5.4.1/armv7-m/crti.o
                0x00001894                _fini
 .fini          0x00001898        0x8 c:/program files (x86)/cypress/psoc creator/4.2/psoc creator/import/gnu/arm/5.4.1/bin/../lib/gcc/arm-none-eabi/5.4.1/armv7-m/crtn.o
                0x000018a0                . = ALIGN (0x4)
                0x000018a0                __fini_array_start = .
 *(.fini_array)
 .fini_array    0x000018a0        0x4 c:/program files (x86)/cypress/psoc creator/4.2/psoc creator/import/gnu/arm/5.4.1/bin/../lib/gcc/arm-none-eabi/5.4.1/armv7-m/crtbegin.o
 *(SORT(.fini_array.*))
                0x000018a4                __fini_array_end = .
                0x000018a4                . = ALIGN (0x4)
 *crtbegin.o(.ctors)
 *(EXCLUDE_FILE(*crtend.o) .ctors)
 *(SORT(.ctors.*))
 *crtend.o(.ctors)
                0x000018a4                . = ALIGN (0x4)
 *crtbegin.o(.dtors)
 *(EXCLUDE_FILE(*crtend.o) .dtors)
 *(SORT(.dtors.*))
 *crtend.o(.dtors)
                0x000018a4                . = ALIGN (0x4)
                0x000018a4                __cy_regions = .
                0x000018a4        0x4 LONG 0x18b8 __cy_region_init_ram
                0x000018a8        0x4 LONG 0x1fff80c8 __cy_region_start_data
                0x000018ac        0x4 LONG 0x78 __cy_region_init_size_ram
                0x000018b0        0x4 LONG 0x78 __cy_region_zero_size_ram
                0x000018b4                __cy_regions_end = .
                0x000018b8                . = ALIGN (0x8)
 *fill*         0x000018b4        0x4 
                0x000018b8                _etext = .

.cy_checksum_exclude
                0x000018b8        0x0
 *(.cy_checksum_exclude)

.ramvectors     0x1fff8000       0xc0
                0x1fff8000                __cy_region_start_ram = .
 *(.ramvectors)
 .ramvectors    0x1fff8000       0xc0 .\CortexM3\ARM_GCC_541\Debug\Cm3Start.o
                0x1fff8000                CyRamVectors

.noinit         0x1fff80c0        0x1
 *(.noinit)
 .noinit        0x1fff80c0        0x1 .\CortexM3\ARM_GCC_541\Debug\ultra.a(CyLib.o)
                0x1fff80c0                CyResetStatus

.data           0x1fff80c8       0x78 load address 0x000018b8
                0x1fff80c8                __cy_region_start_data = .
 *(.jcr)
 .jcr           0x1fff80c8        0x0 c:/program files (x86)/cypress/psoc creator/4.2/psoc creator/import/gnu/arm/5.4.1/bin/../lib/gcc/arm-none-eabi/5.4.1/armv7-m/crtbegin.o
 .jcr           0x1fff80c8        0x4 c:/program files (x86)/cypress/psoc creator/4.2/psoc creator/import/gnu/arm/5.4.1/bin/../lib/gcc/arm-none-eabi/5.4.1/armv7-m/crtend.o
 *(.got.plt)
 *(.got)
 *(.shdata)
 *(.data .data.* .gnu.linkonce.d.*)
 .data          0x1fff80cc       0x10 .\CortexM3\ARM_GCC_541\Debug\ultra.a(CyLib.o)
                0x1fff80cc                cydelay_32k_ms
                0x1fff80d0                cydelay_freq_khz
                0x1fff80d4                cydelay_freq_mhz
                0x1fff80d8                cydelay_freq_hz
 .data.impure_data
                0x1fff80dc       0x60 c:/program files (x86)/cypress/psoc creator/4.2/psoc creator/import/gnu/arm/5.4.1/bin/../lib/gcc/arm-none-eabi/5.4.1/../../../../arm-none-eabi/lib/armv7-m\libg_nano.a(lib_a-impure.o)
 .data._impure_ptr
                0x1fff813c        0x4 c:/program files (x86)/cypress/psoc creator/4.2/psoc creator/import/gnu/arm/5.4.1/bin/../lib/gcc/arm-none-eabi/5.4.1/../../../../arm-none-eabi/lib/armv7-m\libg_nano.a(lib_a-impure.o)
                0x1fff813c                _impure_ptr
                0x1fff8140                . = ALIGN (0x8)
 *(.ram)
                0x1fff8140                _edata = .

.igot.plt       0x1fff8140        0x0 load address 0x00001930
 .igot.plt      0x1fff8140        0x0 c:/program files (x86)/cypress/psoc creator/4.2/psoc creator/import/gnu/arm/5.4.1/bin/../lib/gcc/arm-none-eabi/5.4.1/armv7-m/crtbegin.o

.bss            0x1fff8140       0x78 load address 0x00001930
                0x1fff8140                PROVIDE (__bss_start__, .)
 *(.shbss)
 *(.bss .bss.* .gnu.linkonce.b.*)
 .bss           0x1fff8140       0x1c c:/program files (x86)/cypress/psoc creator/4.2/psoc creator/import/gnu/arm/5.4.1/bin/../lib/gcc/arm-none-eabi/5.4.1/armv7-m/crtbegin.o
 .bss           0x1fff815c       0x1c .\CortexM3\ARM_GCC_541\Debug\main.o
                0x1fff815c                dataIn
                0x1fff8160                value_counter
                0x1fff8164                distancia
                0x1fff8168                i
                0x1fff816c                comp
                0x1fff8170                stop
                0x1fff8174                con
 .bss           0x1fff8178        0x1 .\CortexM3\ARM_GCC_541\Debug\ultra.a(Timer.o)
                0x1fff8178                Timer_initVar
 .bss           0x1fff8179        0x1 .\CortexM3\ARM_GCC_541\Debug\ultra.a(QuadDec.o)
                0x1fff8179                QuadDec_initVar
 .bss           0x1fff817a        0x1 .\CortexM3\ARM_GCC_541\Debug\ultra.a(QuadDec_Cnt8.o)
                0x1fff817a                QuadDec_Cnt8_initVar
 .bss           0x1fff817b        0x1 .\CortexM3\ARM_GCC_541\Debug\ultra.a(PWM.o)
                0x1fff817b                PWM_initVar
 .bss           0x1fff817c        0x1 .\CortexM3\ARM_GCC_541\Debug\ultra.a(PWM_1.o)
                0x1fff817c                PWM_1_initVar
 .bss           0x1fff817d        0x1 .\CortexM3\ARM_GCC_541\Debug\ultra.a(PWM_2.o)
                0x1fff817d                PWM_2_initVar
 .bss           0x1fff817e        0x1 .\CortexM3\ARM_GCC_541\Debug\ultra.a(PWM_3.o)
                0x1fff817e                PWM_3_initVar
 .bss           0x1fff817f        0x2 .\CortexM3\ARM_GCC_541\Debug\ultra.a(UART.o)
                0x1fff817f                UART_initVar
 *(COMMON)
 *fill*         0x1fff8181        0x3 
 COMMON         0x1fff8184       0x34 .\CortexM3\ARM_GCC_541\Debug\main.o
                0x1fff8184                string
                0x1fff8188                state
                0x1fff818c                StringToPrint
                0x1fff81ac                dato_lit_car
                0x1fff81b0                data
                0x1fff81b4                robot_state
                0x1fff81b8                . = ALIGN (0x8)
 *(.ram.b)
                0x1fff81b8                _end = .
                0x1fff81b8                __end = .
                0x1fff81b8                PROVIDE (end, .)
                0x1fff81b8                PROVIDE (__bss_end__, .)
                0x000018b8                __cy_region_init_ram = LOADADDR (.data)
                0x00000078                __cy_region_init_size_ram = (_edata - ADDR (.data))
                0x00000078                __cy_region_zero_size_ram = (_end - _edata)

.heap           0x1fff81b8       0x80 load address 0x00001930
                0x1fff81b8                . = _end
                0x1fff8238                . = (. + 0x80)
 *fill*         0x1fff81b8       0x80 
                0x1fff8238                __cy_heap_limit = .

.stack          0x20007800      0x800
                0x20007800                __cy_stack_limit = .
                0x20008000                . = (. + 0x800)
 *fill*         0x20007800      0x800 
                0x00000001                ASSERT ((__cy_stack_limit >= __cy_heap_limit), region RAM overflowed with stack)
                0x00000000                cy_checksum_exclude_size = (CY_APPL_LOADABLE == 0x1)?SIZEOF (.cy_checksum_exclude):0x0
                0x00000001                ASSERT ((cy_checksum_exclude_size <= CY_CHECKSUM_EXCLUDE_SIZE), CY_BOOT: Section .cy_checksum_exclude size exceedes specified limit.)

.cyloadermeta
 *(.cyloadermeta)

.cyloadablemeta
 *(.cyloadablemeta)

.cyconfigecc    0x80000000      0x974
 *(.cyconfigecc)
 .cyconfigecc   0x80000000      0x974 .\CortexM3\ARM_GCC_541\Debug\cymetadata.o
                0x80000000                cy_meta_configecc

.cycustnvl      0x90000000        0x4
 *(.cycustnvl)
 .cycustnvl     0x90000000        0x4 .\CortexM3\ARM_GCC_541\Debug\cymetadata.o
                0x90000000                cy_meta_custnvl

.cywolatch      0x90100000        0x4
 *(.cywolatch)
 .cywolatch     0x90100000        0x4 .\CortexM3\ARM_GCC_541\Debug\cymetadata.o
                0x90100000                cy_meta_wonvl

.cyeeprom       0x90200000        0x0
 *(.cyeeprom)
                0x00000001                ASSERT ((. <= ((0x90200000 + ee_offset) + ee_size)), .cyeeprom data will not fit in EEPROM)

.cyflashprotect
                0x90400000      0x100
 *(.cyflashprotect)
 .cyflashprotect
                0x90400000      0x100 .\CortexM3\ARM_GCC_541\Debug\cymetadata.o
                0x90400000                cy_meta_flashprotect

.cymeta         0x90500000        0xc
 *(.cymeta)
 .cymeta        0x90500000        0xc .\CortexM3\ARM_GCC_541\Debug\cymetadata.o
                0x90500000                cy_metadata

.rel.dyn        0x00001930        0x0 load address 0x9050000c
 .rel.iplt      0x00001930        0x0 c:/program files (x86)/cypress/psoc creator/4.2/psoc creator/import/gnu/arm/5.4.1/bin/../lib/gcc/arm-none-eabi/5.4.1/armv7-m/crtbegin.o

.stab
 *(.stab)

.stabstr
 *(.stabstr)

.debug
 *(.debug)

.line
 *(.line)

.debug_srcinfo
 *(.debug_srcinfo)

.debug_sfnames
 *(.debug_sfnames)

.debug_aranges  0x00000000      0xb58
 *(.debug_aranges)
 .debug_aranges
                0x00000000       0x60 .\CortexM3\ARM_GCC_541\Debug\main.o
 .debug_aranges
                0x00000060       0x58 .\CortexM3\ARM_GCC_541\Debug\cyfitter_cfg.o
 .debug_aranges
                0x000000b8       0x18 .\CortexM3\ARM_GCC_541\Debug\cymetadata.o
 .debug_aranges
                0x000000d0       0x48 .\CortexM3\ARM_GCC_541\Debug\Cm3Start.o
 .debug_aranges
                0x00000118       0x28 .\CortexM3\ARM_GCC_541\Debug\ultra.a(Trigger_out.o)
 .debug_aranges
                0x00000140       0x38 .\CortexM3\ARM_GCC_541\Debug\ultra.a(echo.o)
 .debug_aranges
                0x00000178       0x88 .\CortexM3\ARM_GCC_541\Debug\ultra.a(Timer.o)
 .debug_aranges
                0x00000200      0x2a0 .\CortexM3\ARM_GCC_541\Debug\ultra.a(CyLib.o)
 .debug_aranges
                0x000004a0       0x98 .\CortexM3\ARM_GCC_541\Debug\ultra.a(cyPm.o)
 .debug_aranges
                0x00000538       0x60 .\CortexM3\ARM_GCC_541\Debug\ultra.a(QuadDec.o)
 .debug_aranges
                0x00000598       0x98 .\CortexM3\ARM_GCC_541\Debug\ultra.a(QuadDec_Cnt8.o)
 .debug_aranges
                0x00000630       0xa8 .\CortexM3\ARM_GCC_541\Debug\ultra.a(PWM.o)
 .debug_aranges
                0x000006d8       0xa8 .\CortexM3\ARM_GCC_541\Debug\ultra.a(PWM_1.o)
 .debug_aranges
                0x00000780       0xa8 .\CortexM3\ARM_GCC_541\Debug\ultra.a(PWM_2.o)
 .debug_aranges
                0x00000828       0xa8 .\CortexM3\ARM_GCC_541\Debug\ultra.a(PWM_3.o)
 .debug_aranges
                0x000008d0       0xf0 .\CortexM3\ARM_GCC_541\Debug\ultra.a(UART.o)
 .debug_aranges
                0x000009c0       0x70 .\CortexM3\ARM_GCC_541\Debug\ultra.a(UART_IntClock.o)
 .debug_aranges
                0x00000a30       0x20 .\CortexM3\ARM_GCC_541\Debug\ultra.a(CyBootAsmGnu.o)
 .debug_aranges
                0x00000a50       0x88 .\CortexM3\ARM_GCC_541\Debug\ultra.a(CyFlash.o)
 .debug_aranges
                0x00000ad8       0x80 .\CortexM3\ARM_GCC_541\Debug\ultra.a(CySpc.o)

.debug_pubnames
 *(.debug_pubnames)

.debug_info     0x00000000     0x5f5c
 *(.debug_info .gnu.linkonce.wi.*)
 .debug_info    0x00000000      0x9d1 .\CortexM3\ARM_GCC_541\Debug\main.o
 .debug_info    0x000009d1      0x5ef .\CortexM3\ARM_GCC_541\Debug\cyfitter_cfg.o
 .debug_info    0x00000fc0      0x139 .\CortexM3\ARM_GCC_541\Debug\cymetadata.o
 .debug_info    0x000010f9      0x3bb .\CortexM3\ARM_GCC_541\Debug\Cm3Start.o
 .debug_info    0x000014b4       0xd6 .\CortexM3\ARM_GCC_541\Debug\ultra.a(Trigger_out.o)
 .debug_info    0x0000158a      0x11f .\CortexM3\ARM_GCC_541\Debug\ultra.a(echo.o)
 .debug_info    0x000016a9      0x293 .\CortexM3\ARM_GCC_541\Debug\ultra.a(Timer.o)
 .debug_info    0x0000193c     0x1374 .\CortexM3\ARM_GCC_541\Debug\ultra.a(CyLib.o)
 .debug_info    0x00002cb0      0xa2a .\CortexM3\ARM_GCC_541\Debug\ultra.a(cyPm.o)
 .debug_info    0x000036da      0x2c7 .\CortexM3\ARM_GCC_541\Debug\ultra.a(QuadDec.o)
 .debug_info    0x000039a1      0x328 .\CortexM3\ARM_GCC_541\Debug\ultra.a(QuadDec_Cnt8.o)
 .debug_info    0x00003cc9      0x381 .\CortexM3\ARM_GCC_541\Debug\ultra.a(PWM.o)
 .debug_info    0x0000404a      0x381 .\CortexM3\ARM_GCC_541\Debug\ultra.a(PWM_1.o)
 .debug_info    0x000043cb      0x381 .\CortexM3\ARM_GCC_541\Debug\ultra.a(PWM_2.o)
 .debug_info    0x0000474c      0x381 .\CortexM3\ARM_GCC_541\Debug\ultra.a(PWM_3.o)
 .debug_info    0x00004acd      0x60c .\CortexM3\ARM_GCC_541\Debug\ultra.a(UART.o)
 .debug_info    0x000050d9      0x283 .\CortexM3\ARM_GCC_541\Debug\ultra.a(UART_IntClock.o)
 .debug_info    0x0000535c       0x63 .\CortexM3\ARM_GCC_541\Debug\ultra.a(CyBootAsmGnu.o)
 .debug_info    0x000053bf      0x64d .\CortexM3\ARM_GCC_541\Debug\ultra.a(CyFlash.o)
 .debug_info    0x00005a0c      0x550 .\CortexM3\ARM_GCC_541\Debug\ultra.a(CySpc.o)

.debug_abbrev   0x00000000     0x18d9
 *(.debug_abbrev)
 .debug_abbrev  0x00000000      0x112 .\CortexM3\ARM_GCC_541\Debug\main.o
 .debug_abbrev  0x00000112      0x20d .\CortexM3\ARM_GCC_541\Debug\cyfitter_cfg.o
 .debug_abbrev  0x0000031f       0x77 .\CortexM3\ARM_GCC_541\Debug\cymetadata.o
 .debug_abbrev  0x00000396      0x1e8 .\CortexM3\ARM_GCC_541\Debug\Cm3Start.o
 .debug_abbrev  0x0000057e       0x81 .\CortexM3\ARM_GCC_541\Debug\ultra.a(Trigger_out.o)
 .debug_abbrev  0x000005ff       0x90 .\CortexM3\ARM_GCC_541\Debug\ultra.a(echo.o)
 .debug_abbrev  0x0000068f      0x11a .\CortexM3\ARM_GCC_541\Debug\ultra.a(Timer.o)
 .debug_abbrev  0x000007a9      0x254 .\CortexM3\ARM_GCC_541\Debug\ultra.a(CyLib.o)
 .debug_abbrev  0x000009fd      0x1ab .\CortexM3\ARM_GCC_541\Debug\ultra.a(cyPm.o)
 .debug_abbrev  0x00000ba8      0x151 .\CortexM3\ARM_GCC_541\Debug\ultra.a(QuadDec.o)
 .debug_abbrev  0x00000cf9      0x117 .\CortexM3\ARM_GCC_541\Debug\ultra.a(QuadDec_Cnt8.o)
 .debug_abbrev  0x00000e10      0x133 .\CortexM3\ARM_GCC_541\Debug\ultra.a(PWM.o)
 .debug_abbrev  0x00000f43      0x133 .\CortexM3\ARM_GCC_541\Debug\ultra.a(PWM_1.o)
 .debug_abbrev  0x00001076      0x133 .\CortexM3\ARM_GCC_541\Debug\ultra.a(PWM_2.o)
 .debug_abbrev  0x000011a9      0x133 .\CortexM3\ARM_GCC_541\Debug\ultra.a(PWM_3.o)
 .debug_abbrev  0x000012dc      0x175 .\CortexM3\ARM_GCC_541\Debug\ultra.a(UART.o)
 .debug_abbrev  0x00001451      0x139 .\CortexM3\ARM_GCC_541\Debug\ultra.a(UART_IntClock.o)
 .debug_abbrev  0x0000158a       0x14 .\CortexM3\ARM_GCC_541\Debug\ultra.a(CyBootAsmGnu.o)
 .debug_abbrev  0x0000159e      0x1a7 .\CortexM3\ARM_GCC_541\Debug\ultra.a(CyFlash.o)
 .debug_abbrev  0x00001745      0x194 .\CortexM3\ARM_GCC_541\Debug\ultra.a(CySpc.o)

.debug_line     0x00000000     0x28a4
 *(.debug_line)
 .debug_line    0x00000000      0x2f5 .\CortexM3\ARM_GCC_541\Debug\main.o
 .debug_line    0x000002f5      0x202 .\CortexM3\ARM_GCC_541\Debug\cyfitter_cfg.o
 .debug_line    0x000004f7      0x141 .\CortexM3\ARM_GCC_541\Debug\cymetadata.o
 .debug_line    0x00000638      0x234 .\CortexM3\ARM_GCC_541\Debug\Cm3Start.o
 .debug_line    0x0000086c       0x73 .\CortexM3\ARM_GCC_541\Debug\ultra.a(Trigger_out.o)
 .debug_line    0x000008df       0x91 .\CortexM3\ARM_GCC_541\Debug\ultra.a(echo.o)
 .debug_line    0x00000970      0x158 .\CortexM3\ARM_GCC_541\Debug\ultra.a(Timer.o)
 .debug_line    0x00000ac8      0x816 .\CortexM3\ARM_GCC_541\Debug\ultra.a(CyLib.o)
 .debug_line    0x000012de      0x367 .\CortexM3\ARM_GCC_541\Debug\ultra.a(cyPm.o)
 .debug_line    0x00001645      0x119 .\CortexM3\ARM_GCC_541\Debug\ultra.a(QuadDec.o)
 .debug_line    0x0000175e      0x18c .\CortexM3\ARM_GCC_541\Debug\ultra.a(QuadDec_Cnt8.o)
 .debug_line    0x000018ea      0x1a7 .\CortexM3\ARM_GCC_541\Debug\ultra.a(PWM.o)
 .debug_line    0x00001a91      0x1a9 .\CortexM3\ARM_GCC_541\Debug\ultra.a(PWM_1.o)
 .debug_line    0x00001c3a      0x1a9 .\CortexM3\ARM_GCC_541\Debug\ultra.a(PWM_2.o)
 .debug_line    0x00001de3      0x1a9 .\CortexM3\ARM_GCC_541\Debug\ultra.a(PWM_3.o)
 .debug_line    0x00001f8c      0x2bc .\CortexM3\ARM_GCC_541\Debug\ultra.a(UART.o)
 .debug_line    0x00002248      0x17c .\CortexM3\ARM_GCC_541\Debug\ultra.a(UART_IntClock.o)
 .debug_line    0x000023c4       0x66 .\CortexM3\ARM_GCC_541\Debug\ultra.a(CyBootAsmGnu.o)
 .debug_line    0x0000242a      0x21a .\CortexM3\ARM_GCC_541\Debug\ultra.a(CyFlash.o)
 .debug_line    0x00002644      0x260 .\CortexM3\ARM_GCC_541\Debug\ultra.a(CySpc.o)

.debug_frame    0x00000000     0x1bc0
 *(.debug_frame)
 .debug_frame   0x00000000      0x10c .\CortexM3\ARM_GCC_541\Debug\main.o
 .debug_frame   0x0000010c       0xe4 .\CortexM3\ARM_GCC_541\Debug\cyfitter_cfg.o
 .debug_frame   0x000001f0       0xb8 .\CortexM3\ARM_GCC_541\Debug\Cm3Start.o
 .debug_frame   0x000002a8       0x30 .\CortexM3\ARM_GCC_541\Debug\ultra.a(Trigger_out.o)
 .debug_frame   0x000002d8       0x50 .\CortexM3\ARM_GCC_541\Debug\ultra.a(echo.o)
 .debug_frame   0x00000328      0x108 .\CortexM3\ARM_GCC_541\Debug\ultra.a(Timer.o)
 .debug_frame   0x00000430      0x738 .\CortexM3\ARM_GCC_541\Debug\ultra.a(CyLib.o)
 .debug_frame   0x00000b68      0x1f8 .\CortexM3\ARM_GCC_541\Debug\ultra.a(cyPm.o)
 .debug_frame   0x00000d60       0xdc .\CortexM3\ARM_GCC_541\Debug\ultra.a(QuadDec.o)
 .debug_frame   0x00000e3c      0x134 .\CortexM3\ARM_GCC_541\Debug\ultra.a(QuadDec_Cnt8.o)
 .debug_frame   0x00000f70      0x154 .\CortexM3\ARM_GCC_541\Debug\ultra.a(PWM.o)
 .debug_frame   0x000010c4      0x154 .\CortexM3\ARM_GCC_541\Debug\ultra.a(PWM_1.o)
 .debug_frame   0x00001218      0x154 .\CortexM3\ARM_GCC_541\Debug\ultra.a(PWM_2.o)
 .debug_frame   0x0000136c      0x154 .\CortexM3\ARM_GCC_541\Debug\ultra.a(PWM_3.o)
 .debug_frame   0x000014c0      0x250 .\CortexM3\ARM_GCC_541\Debug\ultra.a(UART.o)
 .debug_frame   0x00001710       0xe0 .\CortexM3\ARM_GCC_541\Debug\ultra.a(UART_IntClock.o)
 .debug_frame   0x000017f0      0x194 .\CortexM3\ARM_GCC_541\Debug\ultra.a(CyFlash.o)
 .debug_frame   0x00001984      0x180 .\CortexM3\ARM_GCC_541\Debug\ultra.a(CySpc.o)
 .debug_frame   0x00001b04       0x20 c:/program files (x86)/cypress/psoc creator/4.2/psoc creator/import/gnu/arm/5.4.1/bin/../lib/gcc/arm-none-eabi/5.4.1/../../../../arm-none-eabi/lib/armv7-m\libg_nano.a(lib_a-errno.o)
 .debug_frame   0x00001b24       0x28 c:/program files (x86)/cypress/psoc creator/4.2/psoc creator/import/gnu/arm/5.4.1/bin/../lib/gcc/arm-none-eabi/5.4.1/../../../../arm-none-eabi/lib/armv7-m\libg_nano.a(lib_a-exit.o)
 .debug_frame   0x00001b4c       0x2c c:/program files (x86)/cypress/psoc creator/4.2/psoc creator/import/gnu/arm/5.4.1/bin/../lib/gcc/arm-none-eabi/5.4.1/../../../../arm-none-eabi/lib/armv7-m\libg_nano.a(lib_a-init.o)
 .debug_frame   0x00001b78       0x28 c:/program files (x86)/cypress/psoc creator/4.2/psoc creator/import/gnu/arm/5.4.1/bin/../lib/gcc/arm-none-eabi/5.4.1/../../../../arm-none-eabi/lib/armv7-m\libg_nano.a(lib_a-memcpy-stub.o)
 .debug_frame   0x00001ba0       0x20 c:/program files (x86)/cypress/psoc creator/4.2/psoc creator/import/gnu/arm/5.4.1/bin/../lib/gcc/arm-none-eabi/5.4.1/../../../../arm-none-eabi/lib/armv7-m\libg_nano.a(lib_a-memset.o)

.debug_str      0x00000000     0x227f
 *(.debug_str)
 .debug_str     0x00000000      0x362 .\CortexM3\ARM_GCC_541\Debug\main.o
                                0x3ba (size before relaxing)
 .debug_str     0x00000362      0x1c2 .\CortexM3\ARM_GCC_541\Debug\cyfitter_cfg.o
                                0x31d (size before relaxing)
 .debug_str     0x00000524       0x7f .\CortexM3\ARM_GCC_541\Debug\cymetadata.o
                                0x1b7 (size before relaxing)
 .debug_str     0x000005a3      0x13e .\CortexM3\ARM_GCC_541\Debug\Cm3Start.o
                                0x2dd (size before relaxing)
 .debug_str     0x000006e1       0x3e .\CortexM3\ARM_GCC_541\Debug\ultra.a(Trigger_out.o)
                                0x194 (size before relaxing)
 .debug_str     0x0000071f       0x5c .\CortexM3\ARM_GCC_541\Debug\ultra.a(echo.o)
                                0x1b0 (size before relaxing)
 .debug_str     0x0000077b      0x134 .\CortexM3\ARM_GCC_541\Debug\ultra.a(Timer.o)
                                0x2c8 (size before relaxing)
 .debug_str     0x000008af      0x832 .\CortexM3\ARM_GCC_541\Debug\ultra.a(CyLib.o)
                                0xa1a (size before relaxing)
 .debug_str     0x000010e1      0x365 .\CortexM3\ARM_GCC_541\Debug\ultra.a(cyPm.o)
                                0x706 (size before relaxing)
 .debug_str     0x00001446      0x134 .\CortexM3\ARM_GCC_541\Debug\ultra.a(QuadDec.o)
                                0x2e4 (size before relaxing)
 .debug_str     0x0000157a      0x1ae .\CortexM3\ARM_GCC_541\Debug\ultra.a(QuadDec_Cnt8.o)
                                0x3a3 (size before relaxing)
 .debug_str     0x00001728      0x132 .\CortexM3\ARM_GCC_541\Debug\ultra.a(PWM.o)
                                0x323 (size before relaxing)
 .debug_str     0x0000185a      0x14d .\CortexM3\ARM_GCC_541\Debug\ultra.a(PWM_1.o)
                                0x34d (size before relaxing)
 .debug_str     0x000019a7      0x14d .\CortexM3\ARM_GCC_541\Debug\ultra.a(PWM_2.o)
                                0x34d (size before relaxing)
 .debug_str     0x00001af4      0x14d .\CortexM3\ARM_GCC_541\Debug\ultra.a(PWM_3.o)
                                0x34d (size before relaxing)
 .debug_str     0x00001c41      0x254 .\CortexM3\ARM_GCC_541\Debug\ultra.a(UART.o)
                                0x448 (size before relaxing)
 .debug_str     0x00001e95      0x183 .\CortexM3\ARM_GCC_541\Debug\ultra.a(UART_IntClock.o)
                                0x309 (size before relaxing)
 .debug_str     0x00002018      0x1bb .\CortexM3\ARM_GCC_541\Debug\ultra.a(CyFlash.o)
                                0x393 (size before relaxing)
 .debug_str     0x000021d3       0xac .\CortexM3\ARM_GCC_541\Debug\ultra.a(CySpc.o)
                                0x30b (size before relaxing)

.debug_loc      0x00000000     0x1f58
 *(.debug_loc)
 .debug_loc     0x00000000      0x259 .\CortexM3\ARM_GCC_541\Debug\cyfitter_cfg.o
 .debug_loc     0x00000259      0x144 .\CortexM3\ARM_GCC_541\Debug\Cm3Start.o
 .debug_loc     0x0000039d       0x42 .\CortexM3\ARM_GCC_541\Debug\ultra.a(echo.o)
 .debug_loc     0x000003df      0xa11 .\CortexM3\ARM_GCC_541\Debug\ultra.a(CyLib.o)
 .debug_loc     0x00000df0      0x1e4 .\CortexM3\ARM_GCC_541\Debug\ultra.a(cyPm.o)
 .debug_loc     0x00000fd4       0x78 .\CortexM3\ARM_GCC_541\Debug\ultra.a(QuadDec.o)
 .debug_loc     0x0000104c       0x3d .\CortexM3\ARM_GCC_541\Debug\ultra.a(QuadDec_Cnt8.o)
 .debug_loc     0x00001089       0x26 .\CortexM3\ARM_GCC_541\Debug\ultra.a(PWM.o)
 .debug_loc     0x000010af       0x26 .\CortexM3\ARM_GCC_541\Debug\ultra.a(PWM_1.o)
 .debug_loc     0x000010d5       0x26 .\CortexM3\ARM_GCC_541\Debug\ultra.a(PWM_2.o)
 .debug_loc     0x000010fb       0x26 .\CortexM3\ARM_GCC_541\Debug\ultra.a(PWM_3.o)
 .debug_loc     0x00001121      0x258 .\CortexM3\ARM_GCC_541\Debug\ultra.a(UART.o)
 .debug_loc     0x00001379      0x128 .\CortexM3\ARM_GCC_541\Debug\ultra.a(UART_IntClock.o)
 .debug_loc     0x000014a1      0x3b2 .\CortexM3\ARM_GCC_541\Debug\ultra.a(CyFlash.o)
 .debug_loc     0x00001853      0x705 .\CortexM3\ARM_GCC_541\Debug\ultra.a(CySpc.o)

.debug_macinfo
 *(.debug_macinfo)

.debug_ranges   0x00000000      0xa00
 *(.debug_ranges)
 .debug_ranges  0x00000000       0x50 .\CortexM3\ARM_GCC_541\Debug\main.o
 .debug_ranges  0x00000050       0x48 .\CortexM3\ARM_GCC_541\Debug\cyfitter_cfg.o
 .debug_ranges  0x00000098       0x38 .\CortexM3\ARM_GCC_541\Debug\Cm3Start.o
 .debug_ranges  0x000000d0       0x18 .\CortexM3\ARM_GCC_541\Debug\ultra.a(Trigger_out.o)
 .debug_ranges  0x000000e8       0x28 .\CortexM3\ARM_GCC_541\Debug\ultra.a(echo.o)
 .debug_ranges  0x00000110       0x78 .\CortexM3\ARM_GCC_541\Debug\ultra.a(Timer.o)
 .debug_ranges  0x00000188      0x290 .\CortexM3\ARM_GCC_541\Debug\ultra.a(CyLib.o)
 .debug_ranges  0x00000418       0x88 .\CortexM3\ARM_GCC_541\Debug\ultra.a(cyPm.o)
 .debug_ranges  0x000004a0       0x50 .\CortexM3\ARM_GCC_541\Debug\ultra.a(QuadDec.o)
 .debug_ranges  0x000004f0       0x88 .\CortexM3\ARM_GCC_541\Debug\ultra.a(QuadDec_Cnt8.o)
 .debug_ranges  0x00000578       0x98 .\CortexM3\ARM_GCC_541\Debug\ultra.a(PWM.o)
 .debug_ranges  0x00000610       0x98 .\CortexM3\ARM_GCC_541\Debug\ultra.a(PWM_1.o)
 .debug_ranges  0x000006a8       0x98 .\CortexM3\ARM_GCC_541\Debug\ultra.a(PWM_2.o)
 .debug_ranges  0x00000740       0x98 .\CortexM3\ARM_GCC_541\Debug\ultra.a(PWM_3.o)
 .debug_ranges  0x000007d8       0xe0 .\CortexM3\ARM_GCC_541\Debug\ultra.a(UART.o)
 .debug_ranges  0x000008b8       0x60 .\CortexM3\ARM_GCC_541\Debug\ultra.a(UART_IntClock.o)
 .debug_ranges  0x00000918       0x78 .\CortexM3\ARM_GCC_541\Debug\ultra.a(CyFlash.o)
 .debug_ranges  0x00000990       0x70 .\CortexM3\ARM_GCC_541\Debug\ultra.a(CySpc.o)

.comment        0x00000000       0x6e
 .comment       0x00000000       0x6e .\CortexM3\ARM_GCC_541\Debug\main.o
                                 0x6f (size before relaxing)
 .comment       0x0000006e       0x6f .\CortexM3\ARM_GCC_541\Debug\cyfitter_cfg.o
 .comment       0x0000006e       0x6f .\CortexM3\ARM_GCC_541\Debug\cymetadata.o
 .comment       0x0000006e       0x6f .\CortexM3\ARM_GCC_541\Debug\Cm3Start.o
 .comment       0x0000006e       0x6f .\CortexM3\ARM_GCC_541\Debug\ultra.a(Trigger_out.o)
 .comment       0x0000006e       0x6f .\CortexM3\ARM_GCC_541\Debug\ultra.a(echo.o)
 .comment       0x0000006e       0x6f .\CortexM3\ARM_GCC_541\Debug\ultra.a(Timer.o)
 .comment       0x0000006e       0x6f .\CortexM3\ARM_GCC_541\Debug\ultra.a(CyLib.o)
 .comment       0x0000006e       0x6f .\CortexM3\ARM_GCC_541\Debug\ultra.a(cyPm.o)
 .comment       0x0000006e       0x6f .\CortexM3\ARM_GCC_541\Debug\ultra.a(QuadDec.o)
 .comment       0x0000006e       0x6f .\CortexM3\ARM_GCC_541\Debug\ultra.a(QuadDec_Cnt8.o)
 .comment       0x0000006e       0x6f .\CortexM3\ARM_GCC_541\Debug\ultra.a(PWM.o)
 .comment       0x0000006e       0x6f .\CortexM3\ARM_GCC_541\Debug\ultra.a(PWM_1.o)
 .comment       0x0000006e       0x6f .\CortexM3\ARM_GCC_541\Debug\ultra.a(PWM_2.o)
 .comment       0x0000006e       0x6f .\CortexM3\ARM_GCC_541\Debug\ultra.a(PWM_3.o)
 .comment       0x0000006e       0x6f .\CortexM3\ARM_GCC_541\Debug\ultra.a(UART.o)
 .comment       0x0000006e       0x6f .\CortexM3\ARM_GCC_541\Debug\ultra.a(UART_IntClock.o)
 .comment       0x0000006e       0x6f .\CortexM3\ARM_GCC_541\Debug\ultra.a(CyFlash.o)
 .comment       0x0000006e       0x6f .\CortexM3\ARM_GCC_541\Debug\ultra.a(CySpc.o)

.debug_weaknames
 *(.debug_weaknames)

.debug_funcnames
 *(.debug_funcnames)

.debug_typenames
 *(.debug_typenames)

.debug_varnames
 *(.debug_varnames)

.note.gnu.arm.ident
 *(.note.gnu.arm.ident)

.ARM.attributes
                0x00000000       0x29
 *(.ARM.attributes)
 .ARM.attributes
                0x00000000       0x1d c:/program files (x86)/cypress/psoc creator/4.2/psoc creator/import/gnu/arm/5.4.1/bin/../lib/gcc/arm-none-eabi/5.4.1/armv7-m/crti.o
 .ARM.attributes
                0x0000001d       0x2d c:/program files (x86)/cypress/psoc creator/4.2/psoc creator/import/gnu/arm/5.4.1/bin/../lib/gcc/arm-none-eabi/5.4.1/armv7-m/crtbegin.o
 .ARM.attributes
                0x0000004a       0x1b c:/program files (x86)/cypress/psoc creator/4.2/psoc creator/import/gnu/arm/5.4.1/bin/../lib/gcc/arm-none-eabi/5.4.1/../../../../arm-none-eabi/lib/armv7-m/crt0.o
 .ARM.attributes
                0x00000065       0x33 .\CortexM3\ARM_GCC_541\Debug\main.o
 .ARM.attributes
                0x00000098       0x33 .\CortexM3\ARM_GCC_541\Debug\cyfitter_cfg.o
 .ARM.attributes
                0x000000cb       0x33 .\CortexM3\ARM_GCC_541\Debug\cymetadata.o
 .ARM.attributes
                0x000000fe       0x33 .\CortexM3\ARM_GCC_541\Debug\Cm3Start.o
 .ARM.attributes
                0x00000131       0x33 .\CortexM3\ARM_GCC_541\Debug\ultra.a(Trigger_out.o)
 .ARM.attributes
                0x00000164       0x33 .\CortexM3\ARM_GCC_541\Debug\ultra.a(echo.o)
 .ARM.attributes
                0x00000197       0x33 .\CortexM3\ARM_GCC_541\Debug\ultra.a(Timer.o)
 .ARM.attributes
                0x000001ca       0x33 .\CortexM3\ARM_GCC_541\Debug\ultra.a(CyLib.o)
 .ARM.attributes
                0x000001fd       0x33 .\CortexM3\ARM_GCC_541\Debug\ultra.a(cyPm.o)
 .ARM.attributes
                0x00000230       0x33 .\CortexM3\ARM_GCC_541\Debug\ultra.a(QuadDec.o)
 .ARM.attributes
                0x00000263       0x33 .\CortexM3\ARM_GCC_541\Debug\ultra.a(QuadDec_Cnt8.o)
 .ARM.attributes
                0x00000296       0x33 .\CortexM3\ARM_GCC_541\Debug\ultra.a(PWM.o)
 .ARM.attributes
                0x000002c9       0x33 .\CortexM3\ARM_GCC_541\Debug\ultra.a(PWM_1.o)
 .ARM.attributes
                0x000002fc       0x33 .\CortexM3\ARM_GCC_541\Debug\ultra.a(PWM_2.o)
 .ARM.attributes
                0x0000032f       0x33 .\CortexM3\ARM_GCC_541\Debug\ultra.a(PWM_3.o)
 .ARM.attributes
                0x00000362       0x33 .\CortexM3\ARM_GCC_541\Debug\ultra.a(UART.o)
 .ARM.attributes
                0x00000395       0x33 .\CortexM3\ARM_GCC_541\Debug\ultra.a(UART_IntClock.o)
 .ARM.attributes
                0x000003c8       0x21 .\CortexM3\ARM_GCC_541\Debug\ultra.a(CyBootAsmGnu.o)
 .ARM.attributes
                0x000003e9       0x33 .\CortexM3\ARM_GCC_541\Debug\ultra.a(CyFlash.o)
 .ARM.attributes
                0x0000041c       0x33 .\CortexM3\ARM_GCC_541\Debug\ultra.a(CySpc.o)
 .ARM.attributes
                0x0000044f       0x1d c:/program files (x86)/cypress/psoc creator/4.2/psoc creator/import/gnu/arm/5.4.1/bin/../lib/gcc/arm-none-eabi/5.4.1/armv7-m\libgcc.a(_arm_addsubdf3.o)
 .ARM.attributes
                0x0000046c       0x1d c:/program files (x86)/cypress/psoc creator/4.2/psoc creator/import/gnu/arm/5.4.1/bin/../lib/gcc/arm-none-eabi/5.4.1/armv7-m\libgcc.a(_arm_muldivdf3.o)
 .ARM.attributes
                0x00000489       0x1d c:/program files (x86)/cypress/psoc creator/4.2/psoc creator/import/gnu/arm/5.4.1/bin/../lib/gcc/arm-none-eabi/5.4.1/armv7-m\libgcc.a(_arm_truncdfsf2.o)
 .ARM.attributes
                0x000004a6       0x1d c:/program files (x86)/cypress/psoc creator/4.2/psoc creator/import/gnu/arm/5.4.1/bin/../lib/gcc/arm-none-eabi/5.4.1/armv7-m\libgcc.a(_arm_cmpsf2.o)
 .ARM.attributes
                0x000004c3       0x2d c:/program files (x86)/cypress/psoc creator/4.2/psoc creator/import/gnu/arm/5.4.1/bin/../lib/gcc/arm-none-eabi/5.4.1/../../../../arm-none-eabi/lib/armv7-m\libg_nano.a(lib_a-errno.o)
 .ARM.attributes
                0x000004f0       0x2d c:/program files (x86)/cypress/psoc creator/4.2/psoc creator/import/gnu/arm/5.4.1/bin/../lib/gcc/arm-none-eabi/5.4.1/../../../../arm-none-eabi/lib/armv7-m\libg_nano.a(lib_a-exit.o)
 .ARM.attributes
                0x0000051d       0x2d c:/program files (x86)/cypress/psoc creator/4.2/psoc creator/import/gnu/arm/5.4.1/bin/../lib/gcc/arm-none-eabi/5.4.1/../../../../arm-none-eabi/lib/armv7-m\libg_nano.a(lib_a-impure.o)
 .ARM.attributes
                0x0000054a       0x2d c:/program files (x86)/cypress/psoc creator/4.2/psoc creator/import/gnu/arm/5.4.1/bin/../lib/gcc/arm-none-eabi/5.4.1/../../../../arm-none-eabi/lib/armv7-m\libg_nano.a(lib_a-init.o)
 .ARM.attributes
                0x00000577       0x2d c:/program files (x86)/cypress/psoc creator/4.2/psoc creator/import/gnu/arm/5.4.1/bin/../lib/gcc/arm-none-eabi/5.4.1/../../../../arm-none-eabi/lib/armv7-m\libg_nano.a(lib_a-memcpy-stub.o)
 .ARM.attributes
                0x000005a4       0x2d c:/program files (x86)/cypress/psoc creator/4.2/psoc creator/import/gnu/arm/5.4.1/bin/../lib/gcc/arm-none-eabi/5.4.1/../../../../arm-none-eabi/lib/armv7-m\libg_nano.a(lib_a-memset.o)
 .ARM.attributes
                0x000005d1       0x2d c:/program files (x86)/cypress/psoc creator/4.2/psoc creator/import/gnu/arm/5.4.1/bin/../lib/gcc/arm-none-eabi/5.4.1/armv7-m/crtend.o
 .ARM.attributes
                0x000005fe       0x1d c:/program files (x86)/cypress/psoc creator/4.2/psoc creator/import/gnu/arm/5.4.1/bin/../lib/gcc/arm-none-eabi/5.4.1/armv7-m/crtn.o

/DISCARD/
 *(.note.GNU-stack)
OUTPUT(C:\ultra\ultra.cydsn\CortexM3\ARM_GCC_541\Debug\ultra.elf elf32-littlearm)
